// Jest Snapshot v1, https://goo.gl/fbAQLP

exports[`<CheckoutForm /> should render the component correctly 1`] = `
.c2 {
  -webkit-text-decoration: none;
  text-decoration: none;
  cursor: pointer;
  border: none;
  display: -webkit-box;
  display: -webkit-flex;
  display: -ms-flexbox;
  display: flex;
  -webkit-box-pack: center;
  -webkit-justify-content: center;
  -ms-flex-pack: center;
  justify-content: center;
  -webkit-align-items: center;
  -webkit-box-align: center;
  -ms-flex-align: center;
  align-items: center;
  background-color: #6C6CFF;
  color: #FFFFFF;
  -webkit-transition: background-color 0.2s ease-out;
  transition: background-color 0.2s ease-out;
  padding: 0 2rem;
  height: 5.2rem;
  width: 100%;
}

.c2 span {
  font-weight: 300;
}

.c2:disabled {
  cursor: not-allowed;
}

.c2:hover {
  background-color: #7676ff;
}

.c2 span {
  font-size: 1.8rem;
}

.c0 {
  padding: 2.4rem;
  background-color: #f5f8fa;
}

.c0 h2 {
  color: #18183F;
  font-size: 2rem;
  margin-bottom: 2rem;
}

.c1 {
  margin-top: 2.4rem;
  display: grid;
  grid-template-columns: 1fr 1fr;
  gap: 0.8rem;
  -webkit-align-items: center;
  -webkit-box-align: center;
  -ms-flex-align: center;
  align-items: center;
}

.c1 a {
  -webkit-text-decoration: none;
  text-decoration: none;
  text-align: center;
  font-size: 1.8rem;
  font-weight: 300;
  color: #8787FF;
  -webkit-transition: color 0.1s ease-in;
  transition: color 0.1s ease-in;
}

.c1 a:hover {
  color: #6C6CFF;
}

<div
  class="c0"
>
  <h2>
    Pagamento
  </h2>
  <form>
    <div
      data-testid="Mock PaymentElement"
    />
    <div
      class="c1"
    >
      <a
        href="/products"
      >
        Continuar comprando
      </a>
      <button
        class="c2"
        type="submit"
      >
        <span>
          Pagar
        </span>
      </button>
    </div>
  </form>
</div>
`;
