// Jest Snapshot v1, https://goo.gl/fbAQLP

exports[`<Sidebar /> should render the links 1`] = `
.c0 {
  width: 25rem;
  display: -webkit-box;
  display: -webkit-flex;
  display: -ms-flexbox;
  display: flex;
  -webkit-flex-direction: column;
  -ms-flex-direction: column;
  flex-direction: column;
}

.c1 {
  padding: 1.6rem;
  display: -webkit-box;
  display: -webkit-flex;
  display: -ms-flexbox;
  display: flex;
  -webkit-align-items: center;
  -webkit-box-align: center;
  -ms-flex-align: center;
  align-items: center;
  gap: 0.8rem;
  cursor: pointer;
  border: none;
  -webkit-text-decoration: none;
  text-decoration: none;
  -webkit-transition: background-color 0.1s ease;
  transition: background-color 0.1s ease;
  background-color: #6C6CFF;
}

.c1 span {
  color: #FFFFFF;
  font-size: 1.8rem;
  font-weight: 100;
}

.c1:hover {
  background-color: #6C6CFF;
}

.c1:hover svg {
  fill: #FFFFFF;
}

.c1:hover span {
  color: #FFFFFF;
}

.c2 {
  padding: 1.6rem;
  display: -webkit-box;
  display: -webkit-flex;
  display: -ms-flexbox;
  display: flex;
  -webkit-align-items: center;
  -webkit-box-align: center;
  -ms-flex-align: center;
  align-items: center;
  gap: 0.8rem;
  cursor: pointer;
  border: none;
  -webkit-text-decoration: none;
  text-decoration: none;
  -webkit-transition: background-color 0.1s ease;
  transition: background-color 0.1s ease;
  background-color: #F5F8FA;
}

.c2 span {
  color: #18183F;
  font-size: 1.8rem;
  font-weight: 100;
}

.c2:hover {
  background-color: #6C6CFF;
}

.c2:hover svg {
  fill: #FFFFFF;
}

.c2:hover span {
  color: #FFFFFF;
}

@media (max-width:920px) {
  .c0 {
    width: auto;
  }
}

<aside
  class="c0"
>
  <a
    class="c1"
    href="/profile"
  >
    <svg
      color="#ffffff"
      fill="currentColor"
      height="24"
      stroke="currentColor"
      stroke-width="0"
      style="color: rgb(255, 255, 255);"
      viewBox="0 0 24 24"
      width="24"
      xmlns="http://www.w3.org/2000/svg"
    >
      <g>
        <path
          d="M0 0h24v24H0z"
          fill="none"
        />
        <path
          d="M12 22C6.477 22 2 17.523 2 12S6.477 2 12 2s10 4.477 10 10-4.477 10-10 10zm-4.987-3.744A7.966 7.966 0 0 0 12 20c1.97 0 3.773-.712 5.167-1.892A6.979 6.979 0 0 0 12.16 16a6.981 6.981 0 0 0-5.147 2.256zM5.616 16.82A8.975 8.975 0 0 1 12.16 14a8.972 8.972 0 0 1 6.362 2.634 8 8 0 1 0-12.906.187zM12 13a4 4 0 1 1 0-8 4 4 0 0 1 0 8zm0-2a2 2 0 1 0 0-4 2 2 0 0 0 0 4z"
        />
      </g>
    </svg>
    <span>
      Minha conta
    </span>
  </a>
  <a
    class="c2"
    href="/orders"
  >
    <svg
      color="#18183F"
      fill="currentColor"
      height="24"
      stroke="currentColor"
      stroke-width="0"
      style="color: rgb(24, 24, 63);"
      viewBox="0 0 24 24"
      width="24"
      xmlns="http://www.w3.org/2000/svg"
    >
      <g>
        <path
          d="M0 0h24v24H0z"
          fill="none"
        />
        <path
          d="M12 22C6.477 22 2 17.523 2 12S6.477 2 12 2s10 4.477 10 10-4.477 10-10 10zm-4.987-3.744A7.966 7.966 0 0 0 12 20c1.97 0 3.773-.712 5.167-1.892A6.979 6.979 0 0 0 12.16 16a6.981 6.981 0 0 0-5.147 2.256zM5.616 16.82A8.975 8.975 0 0 1 12.16 14a8.972 8.972 0 0 1 6.362 2.634 8 8 0 1 0-12.906.187zM12 13a4 4 0 1 1 0-8 4 4 0 0 1 0 8zm0-2a2 2 0 1 0 0-4 2 2 0 0 0 0 4z"
        />
      </g>
    </svg>
    <span>
      Meus pedidos
    </span>
  </a>
  <button
    class="c2"
  >
    <svg
      color="#18183F"
      fill="none"
      height="24"
      stroke="currentColor"
      stroke-linecap="round"
      stroke-linejoin="round"
      stroke-width="2"
      style="color: rgb(24, 24, 63);"
      viewBox="0 0 24 24"
      width="24"
      xmlns="http://www.w3.org/2000/svg"
    >
      <path
        d="M9 21H5a2 2 0 0 1-2-2V5a2 2 0 0 1 2-2h4"
      />
      <polyline
        points="16 17 21 12 16 7"
      />
      <line
        x1="21"
        x2="9"
        y1="12"
        y2="12"
      />
    </svg>
    <span>
      Sair da plataforma
    </span>
  </button>
</aside>
`;

exports[`<Sidebar /> should render the logout button 1`] = `
.c0 {
  width: 25rem;
  display: -webkit-box;
  display: -webkit-flex;
  display: -ms-flexbox;
  display: flex;
  -webkit-flex-direction: column;
  -ms-flex-direction: column;
  flex-direction: column;
}

.c1 {
  padding: 1.6rem;
  display: -webkit-box;
  display: -webkit-flex;
  display: -ms-flexbox;
  display: flex;
  -webkit-align-items: center;
  -webkit-box-align: center;
  -ms-flex-align: center;
  align-items: center;
  gap: 0.8rem;
  cursor: pointer;
  border: none;
  -webkit-text-decoration: none;
  text-decoration: none;
  -webkit-transition: background-color 0.1s ease;
  transition: background-color 0.1s ease;
  background-color: #6C6CFF;
}

.c1 span {
  color: #FFFFFF;
  font-size: 1.8rem;
  font-weight: 100;
}

.c1:hover {
  background-color: #6C6CFF;
}

.c1:hover svg {
  fill: #FFFFFF;
}

.c1:hover span {
  color: #FFFFFF;
}

.c2 {
  padding: 1.6rem;
  display: -webkit-box;
  display: -webkit-flex;
  display: -ms-flexbox;
  display: flex;
  -webkit-align-items: center;
  -webkit-box-align: center;
  -ms-flex-align: center;
  align-items: center;
  gap: 0.8rem;
  cursor: pointer;
  border: none;
  -webkit-text-decoration: none;
  text-decoration: none;
  -webkit-transition: background-color 0.1s ease;
  transition: background-color 0.1s ease;
  background-color: #F5F8FA;
}

.c2 span {
  color: #18183F;
  font-size: 1.8rem;
  font-weight: 100;
}

.c2:hover {
  background-color: #6C6CFF;
}

.c2:hover svg {
  fill: #FFFFFF;
}

.c2:hover span {
  color: #FFFFFF;
}

@media (max-width:920px) {
  .c0 {
    width: auto;
  }
}

<aside
  class="c0"
>
  <a
    class="c1"
    href="/profile"
  >
    <svg
      color="#ffffff"
      fill="currentColor"
      height="24"
      stroke="currentColor"
      stroke-width="0"
      style="color: rgb(255, 255, 255);"
      viewBox="0 0 24 24"
      width="24"
      xmlns="http://www.w3.org/2000/svg"
    >
      <g>
        <path
          d="M0 0h24v24H0z"
          fill="none"
        />
        <path
          d="M12 22C6.477 22 2 17.523 2 12S6.477 2 12 2s10 4.477 10 10-4.477 10-10 10zm-4.987-3.744A7.966 7.966 0 0 0 12 20c1.97 0 3.773-.712 5.167-1.892A6.979 6.979 0 0 0 12.16 16a6.981 6.981 0 0 0-5.147 2.256zM5.616 16.82A8.975 8.975 0 0 1 12.16 14a8.972 8.972 0 0 1 6.362 2.634 8 8 0 1 0-12.906.187zM12 13a4 4 0 1 1 0-8 4 4 0 0 1 0 8zm0-2a2 2 0 1 0 0-4 2 2 0 0 0 0 4z"
        />
      </g>
    </svg>
    <span>
      Minha conta
    </span>
  </a>
  <a
    class="c2"
    href="/orders"
  >
    <svg
      color="#18183F"
      fill="currentColor"
      height="24"
      stroke="currentColor"
      stroke-width="0"
      style="color: rgb(24, 24, 63);"
      viewBox="0 0 24 24"
      width="24"
      xmlns="http://www.w3.org/2000/svg"
    >
      <g>
        <path
          d="M0 0h24v24H0z"
          fill="none"
        />
        <path
          d="M12 22C6.477 22 2 17.523 2 12S6.477 2 12 2s10 4.477 10 10-4.477 10-10 10zm-4.987-3.744A7.966 7.966 0 0 0 12 20c1.97 0 3.773-.712 5.167-1.892A6.979 6.979 0 0 0 12.16 16a6.981 6.981 0 0 0-5.147 2.256zM5.616 16.82A8.975 8.975 0 0 1 12.16 14a8.972 8.972 0 0 1 6.362 2.634 8 8 0 1 0-12.906.187zM12 13a4 4 0 1 1 0-8 4 4 0 0 1 0 8zm0-2a2 2 0 1 0 0-4 2 2 0 0 0 0 4z"
        />
      </g>
    </svg>
    <span>
      Meus pedidos
    </span>
  </a>
  <button
    class="c2"
  >
    <svg
      color="#18183F"
      fill="none"
      height="24"
      stroke="currentColor"
      stroke-linecap="round"
      stroke-linejoin="round"
      stroke-width="2"
      style="color: rgb(24, 24, 63);"
      viewBox="0 0 24 24"
      width="24"
      xmlns="http://www.w3.org/2000/svg"
    >
      <path
        d="M9 21H5a2 2 0 0 1-2-2V5a2 2 0 0 1 2-2h4"
      />
      <polyline
        points="16 17 21 12 16 7"
      />
      <line
        x1="21"
        x2="9"
        y1="12"
        y2="12"
      />
    </svg>
    <span>
      Sair da plataforma
    </span>
  </button>
</aside>
`;
